<html>
<body>
<pre>
<h1>µVision Build Log</h1>
<h2>Project:</h2>
C:\Keil\ARM\Examples\Blinky\test\Hotel-Room-Secured-Door\test.uvproj
Project File Date:  06/03/2020

<h2>Output:</h2>
Build target 'Target 1'
linking...
Program Size: Code=1360 RO-data=636 RW-data=0 ZI-data=608  
".\test.axf" - 0 Error(s), 0 Warning(s).
</pre>
</body>
</html>
c...
compiling Keypad.c...
C:\Users\doaay\Downloads\Keypad.c(60): warning:  #111-D: statement is unreachable
             break;
C:\Users\doaay\Downloads\Keypad.c(63): warning:  #111-D: statement is unreachable
                                   break;
C:\Users\doaay\Downloads\Keypad.c(66): warning:  #111-D: statement is unreachable
                                   break;
C:\Users\doaay\Downloads\Keypad.c(69): warning:  #111-D: statement is unreachable
                                   break;
C:\Users\doaay\Downloads\Keypad.c(72): warning:  #111-D: statement is unreachable
                                   break;
C:\Users\doaay\Downloads\Keypad.c(75): warning:  #111-D: statement is unreachable
                                   break;
C:\Users\doaay\Downloads\Keypad.c(78): warning:  #111-D: statement is unreachable
                                   break;
C:\Users\doaay\Downloads\Keypad.c(81): warning:  #111-D: statement is unreachable
                                   break;               
C:\Users\doaay\Downloads\Keypad.c(84): warning:  #111-D: statement is unreachable
                                   break;
C:\Users\doaay\Downloads\Keypad.c(87): warning:  #111-D: statement is unreachable
                                   break;
C:\Users\doaay\Downloads\Keypad.c(90): warning:  #111-D: statement is unreachable
                                   break;
C:\Users\doaay\Downloads\Keypad.c(93): warning:  #111-D: statement is unreachable
                                   break;
C:\Users\doaay\Downloads\Keypad.c(96): warning:  #111-D: statement is unreachable
                                   break;                       
C:\Users\doaay\Downloads\Keypad.c(99): warning:  #111-D: statement is unreachable
                                   break;
C:\Users\doaay\Downloads\Keypad.c(102): warning:  #111-D: statement is unreachable
                                   break;
C:\Users\doaay\Downloads\Keypad.c(105): warning:  #111-D: statement is unreachable
                                  break;
C:\Users\doaay\Downloads\Keypad.c: 16 warnings, 0 errors
linking...
Program Size: Code=1360 RO-data=636 RW-data=0 ZI-data=608  
".\test.axf" - 0 Error(s), 17 Warning(s).
s\Keypad.c(90): warning:  #111-D: statement is unreachable
                                   break;
C:\Users\doaay\Downloads\Keypad.c(93): warning:  #111-D: statement is unreachable
                                   break;
C:\Users\doaay\Downloads\Keypad.c(96): warning:  #111-D: statement is unreachable
                                   break;                       
C:\Users\doaay\Downloads\Keypad.c(99): warning:  #111-D: statement is unreachable
                                   break;
C:\Users\doaay\Downloads\Keypad.c(102): warning:  #111-D: statement is unreachable
                                   break;
C:\Users\doaay\Downloads\Keypad.c(105): warning:  #111-D: statement is unreachable
                                  break;
C:\Users\doaay\Downloads\Keypad.c: 16 warnings, 0 errors
".\test.axf" - 6 Error(s), 21 Warning(s).
Target not created
